2026-05-01 00:12:19 | INFO     | config_manager.py:46 | 配置文件加载成功: C:\Users\Administrator\Desktop\project1\data\config.json
============================================================
AI小说生成功能模拟测试
============================================================
2026-05-01 00:12:19 | INFO     | database.py:57 | 数据库初始化完成: C:\Users\Administrator\Desktop\project1\data\novel_writer.db
2026-05-01 00:12:21 | INFO     | ai_provider.py:320 | [SiliconFlowProvider] 初始化成功: deepseek-ai/DeepSeek-V3.2 @ https://api.siliconflow.cn/v1
2026-05-01 00:12:21 | INFO     | ai_provider.py:471 | AI管理器初始化完成，可用模型: ['siliconflow']
[OK] 数据库已初始化
[OK] AI模型: ['siliconflow']

步骤1: 创建项目《[TEST] 星际迷途》
2026-05-01 00:12:21 | INFO     | writing_core.py:67 | 创建项目: [TEST] 星际迷途 (ID: 24)
  [OK] 项目已创建, ID=24
  [OK] 卷已创建, volume_id=40, title=第一卷
  [WARN] 发现 1 个默认空白章节，正在清理...
  [OK] 默认空白章节已清理

步骤2: 逐章生成（测试3章 x 500字）

  ----------------------------------------
  [第1/3章]: 第1章
  [OK] 章节已创建, id=91
  [OK] 提示词已生成, 长度=331
  [WAIT] 正在调用AI生成（约500字）...
  [OK] AI返回耗时: 20.3秒
2026-05-01 00:12:41 | INFO     | novel_memory.py:309 | 章节记忆压缩完成: 第1章 (509字)
2026-05-01 00:12:41 | INFO     | novel_memory.py:366 | 卷记忆压缩完成: 第一卷 (1章, 509字)
  [OK] 章节已完成!
  [DATA] 本章字数: 509
  [DATA] 内容开头: 公元3000年，第三新京市图书馆的穹顶下，林夜正对着全息投影的《古代航天史》打瞌睡。窗外，菱形穿梭艇无声划过被霓虹染成暗紫色的夜空。  指尖划过投影边缘时，一阵...
  [DATA] 摘要: 公元3000年，第三新京市图书馆的穹顶下，林夜正对着全息投影的《古代航天史》打瞌睡。窗外，菱形穿梭艇无声划过被霓虹染成暗...

  ----------------------------------------
  [第2/3章]: 第2章
  [OK] 章节已创建, id=93
  [OK] 提示词已生成, 长度=459
  [WAIT] 正在调用AI生成（约500字）...
  [OK] AI返回耗时: 21.6秒
2026-05-01 00:13:03 | INFO     | novel_memory.py:309 | 章节记忆压缩完成: 第2章 (555字)
2026-05-01 00:13:03 | INFO     | novel_memory.py:366 | 卷记忆压缩完成: 第一卷 (2章, 1064字)
  [OK] 章节已完成!
  [DATA] 本章字数: 555
  [DATA] 内容开头: 图书馆冰冷的合成大理石地面上，林夜蜷缩着，太阳穴的刺痛已退潮般散去，取而代之的是一种奇异的“视野”。闭着眼，他却能“看”到图书馆穹顶上方，无数道细密的、泛着微光...
  [DATA] 摘要: 图书馆冰冷的合成大理石地面上，林夜蜷缩着，太阳穴的刺痛已退潮般散去，取而代之的是一种奇异的“视野”。闭着眼，他却能“看”...

  ----------------------------------------
  [第3/3章]: 第3章
  [OK] 章节已创建, id=94
  [OK] 提示词已生成, 长度=567
  [WAIT] 正在调用AI生成（约500字）...
  [OK] AI返回耗时: 19.4秒
2026-05-01 00:13:22 | INFO     | novel_memory.py:309 | 章节记忆压缩完成: 第3章 (535字)
2026-05-01 00:13:22 | INFO     | novel_memory.py:394 | 触发全量记忆重组 (第3章)
2026-05-01 00:13:22 | INFO     | novel_memory.py:409 | 全量记忆: [第一卷 第91章] 公元3000年，第三新京市图书馆的穹顶下，林夜正对着全息投影的《古代航天史》打瞌睡。窗外，菱形穿梭艇无声划过被霓虹染成暗紫色的夜空。  指尖划过投影边缘时，一阵尖锐的刺痛毫无征兆地刺入太阳穴。  “呃 | [第一卷 第93章] 图书馆冰冷的合成大理石地面上，林夜蜷缩着，太阳穴的刺痛已退潮般散去，取而代之的是一种奇异的“视野”。闭着眼，他却能“看”到图书馆穹顶上方，无数道细密的、泛着微光的轨迹——那是城市穿梭艇的实时航线。更远 | [第一卷 第94章] 林夜猛地从地上坐起，急促地喘息着。刚才那种“视野”正在消退，像一个正在缩小的透明气泡，但残留的感知碎片仍在脑海里闪烁——那些穿梭艇的轨迹、更远处太空港的模糊轮廓，还有一条……异常隐蔽、指向深空某处的暗
2026-05-01 00:13:22 | INFO     | novel_memory.py:366 | 卷记忆压缩完成: 第一卷 (3章, 1599字)
  [OK] 章节已完成!
  [DATA] 本章字数: 535
  [DATA] 内容开头: 林夜猛地从地上坐起，急促地喘息着。刚才那种“视野”正在消退，像一个正在缩小的透明气泡，但残留的感知碎片仍在脑海里闪烁——那些穿梭艇的轨迹、更远处太空港的模糊轮廓...
  [DATA] 摘要: 林夜猛地从地上坐起，急促地喘息着。刚才那种“视野”正在消退，像一个正在缩小的透明气泡，但残留的感知碎片仍在脑海里闪烁——...

========================================
步骤3: 结果验证
========================================

项目《[TEST] 星际迷途》最终状态:
  名称: [TEST] 星际迷途
  类型: 科幻
  包含 3 个章节:
    [章] 第1章: 509字 (内容长度: 620)
    [章] 第2章: 555字 (内容长度: 647)
    [章] 第3章: 535字 (内容长度: 621)

[PASS] 测试结论: AI生成功能全部正常!
   - 项目创建: PASS
   - 默认章节清理: PASS
   - AI逐章调用(3次): PASS
   - 章节内容保存: PASS
   - 字数统计: PASS（累计 1599 字）
   - 前后章连贯摘要: PASS（已记录 3 章摘要）

========================================
步骤4: 清理测试数据
[OK] 测试项目已删除，环境已清理
========================================
